 Downloading crates ...
  Downloaded pest_generator v2.9.2
  Downloaded lazy_static v1.5.1
  Downloaded powerfmt v0.2.1
  Downloaded pest_derive v2.9.2
  Downloaded iroh-base v1.3.0
  Downloaded lru v0.18.5
  Downloaded loro-kv-store v1.16.0
  Downloaded noq-udp v1.3.0
  Downloaded iroh-dns v1.3.0
  Downloaded loro-common v1.16.0
  Downloaded pest_meta v2.9.2
  Downloaded iroh-metrics v1.0.2
  Downloaded netdev v0.46.3
  Downloaded noq v1.3.0
  Downloaded pest v2.9.2
  Downloaded iroh-relay v1.3.0
  Downloaded n0-dns-resolver v0.1.0
  Downloaded process-wrap v9.1.1
  Downloaded redb v2.6.4
  Downloaded loro v1.16.2
  Downloaded objc2 v0.6.5
  Downloaded hickory-proto v0.26.3
  Downloaded iroh v1.3.0
  Downloaded encoding_rs v0.8.42
  Downloaded noq-proto v1.3.0
  Downloaded system-configuration v0.8.0
  Downloaded xxhash-rust v0.8.19
  Downloaded loro-internal v1.16.2
  Downloaded twox-hash v2.1.5
   Compiling proc-macro2 v1.0.107
   Compiling unicode-ident v1.0.26
   Compiling quote v1.0.47
   Compiling libc v0.2.190
   Compiling serde_core v1.0.229
   Compiling serde v1.0.229
   Compiling cfg-if v1.0.5
   Compiling pin-project-lite v0.2.17
   Compiling portable-atomic v1.15.0
   Compiling critical-section v1.2.0
   Compiling memchr v2.8.3
   Compiling log v0.4.34
   Compiling scopeguard v1.2.0
   Compiling parking_lot_core v0.9.12
   Compiling futures-core v0.3.34
   Compiling lock_api v0.4.14
   Compiling stable_deref_trait v1.2.1
   Compiling typenum v1.20.1
   Compiling version_check v0.9.5
   Compiling itoa v1.0.18
   Compiling futures-io v0.3.34
   Compiling bitflags v2.13.2
   Compiling futures-sink v0.3.34
   Compiling slab v0.4.12
   Compiling rand_core v0.10.1
   Compiling futures-channel v0.3.34
   Compiling futures-task v0.3.34
   Compiling equivalent v1.0.2
   Compiling core-foundation-sys v0.8.7
   Compiling cfg_aliases v0.2.2
   Compiling semver v1.0.28
   Compiling foldhash v0.2.0
   Compiling getrandom v0.4.3
   Compiling generic-array v0.14.7
   Compiling subtle v2.6.1
   Compiling find-msvc-tools v0.1.14
   Compiling shlex v2.0.1
   Compiling hashbrown v0.17.1
   Compiling writeable v0.6.4
   Compiling litemap v0.8.3
   Compiling cc v1.6.0
   Compiling percent-encoding v2.3.2
   Compiling utf8_iter v1.0.4
   Compiling rustc_version v0.4.1
   Compiling icu_normalizer_data v2.3.0
   Compiling icu_properties_data v2.3.0
   Compiling thiserror v2.0.21
   Compiling byteorder v1.5.0
   Compiling autocfg v1.5.1
   Compiling heck v0.5.0
   Compiling syn v3.0.6
   Compiling syn v2.0.119
   Compiling crypto-common v0.1.7
   Compiling indexmap v2.14.2
   Compiling fastrand v2.5.0
   Compiling num-traits v0.2.19
   Compiling form_urlencoded v1.2.2
   Compiling ipnet v2.12.2
   Compiling httparse v1.10.1
   Compiling system-configuration-sys v0.6.0
   Compiling errno v0.3.14
   Compiling socket2 v0.6.5
   Compiling mio v1.2.4
   Compiling getrandom v0.2.17
   Compiling signal-hook-registry v1.4.8
   Compiling zmij v1.0.23
   Compiling tower-service v0.3.3
   Compiling base64 v0.23.1
   Compiling rustc-hash v2.1.3
   Compiling atomic-waker v1.1.2
   Compiling core-foundation v0.10.1
   Compiling fnv v1.0.7
   Compiling ident_case v1.0.1
   Compiling try-lock v0.2.5
   Compiling anyhow v1.0.104
   Compiling unicode-segmentation v1.13.3
   Compiling strsim v0.11.1
   Compiling want v0.3.1
   Compiling security-framework-sys v2.17.0
   Compiling core-foundation v0.9.4
   Compiling convert_case v0.10.0
   Compiling heapless v0.7.17
   Compiling chacha20 v0.10.2
   Compiling unicode-xid v0.2.6
   Compiling httpdate v1.0.3
   Compiling untrusted v0.9.0
   Compiling security-framework v3.7.0
   Compiling cpufeatures v0.2.17
   Compiling rand v0.10.3
   Compiling hash32 v0.2.1
   Compiling system-configuration v0.7.0
   Compiling sync_wrapper v1.0.2
   Compiling rustversion v1.0.23
   Compiling serde_json v1.0.151
   Compiling rustls v0.23.45
   Compiling tower-layer v0.3.3
   Compiling zerocopy v0.8.59
   Compiling hybrid-array v0.4.15
   Compiling base64ct v1.8.3
   Compiling parking v2.2.1
   Compiling objc2 v0.6.5
   Compiling pem-rfc7468 v1.0.0
   Compiling ring v0.17.14
   Compiling futures-lite v2.6.1
   Compiling num-integer v0.1.47
   Compiling n0-future v0.3.2
   Compiling base64 v0.22.1
   Compiling diatomic-waker v0.2.3
   Compiling objc2-encode v4.1.0
   Compiling spin v0.10.1
   Compiling either v1.18.0
   Compiling const-oid v0.10.2
   Compiling arrayvec v0.7.8
   Compiling cordyceps v0.3.5
   Compiling block-buffer v0.12.1
   Compiling crypto-common v0.2.2
   Compiling rand_core v0.6.4
   Compiling thiserror v1.0.69
   Compiling futures-buffered v0.2.13
   Compiling digest v0.11.3
   Compiling itertools v0.11.0
   Compiling num-bigint v0.4.8
   Compiling inout v0.1.4
   Compiling curve25519-dalek v5.0.0
   Compiling noq-udp v1.3.0
   Compiling winnow v1.0.4
   Compiling tracing-attributes v0.1.31
   Compiling zeroize_derive v1.5.0
   Compiling derive_more-impl v2.1.1
   Compiling postcard-derive v0.2.2
   Compiling spez v0.1.2
   Compiling serde_derive v1.0.229
   Compiling tokio-macros v2.7.2
   Compiling futures-macro v0.3.34
   Compiling synstructure v0.14.0
   Compiling zerovec-derive v0.11.6
   Compiling zeroize v1.9.0
   Compiling displaydoc v0.2.7
   Compiling thiserror-impl v2.0.21
   Compiling rustls-pki-types v1.15.1
   Compiling n0-error-macros v1.0.1
   Compiling futures-util v0.3.34
   Compiling pin-project-internal v1.1.13
   Compiling zerofrom-derive v0.1.8
   Compiling yoke-derive v0.8.4
   Compiling der v0.8.2
   Compiling rustls-webpki v0.103.15
   Compiling cobs v0.3.0
   Compiling n0-error v1.0.1
   Compiling darling_core v0.20.11
   Compiling thiserror-impl v1.0.69
   Compiling ryu v1.0.23
   Compiling getrandom v0.3.4
   Compiling spki v0.8.0
   Compiling base16ct v1.0.0
   Compiling pin-project v1.1.13
   Compiling smallvec v1.16.2
   Compiling bytes v1.12.1
   Compiling parking_lot v0.12.5
   Compiling futures-executor v0.3.34
   Compiling once_cell v1.21.4
   Compiling tracing-core v0.1.36
   Compiling http v1.5.0
   Compiling postcard v1.1.3
   Compiling tokio v1.53.2
   Compiling zerofrom v0.1.8
   Compiling derive_more v2.1.1
   Compiling yoke v0.8.3
   Compiling tracing v0.1.44
   Compiling futures v0.3.34
   Compiling serdect v0.4.3
   Compiling zerovec v0.11.8
   Compiling zerotrie v0.2.5
   Compiling pkcs8 v0.11.0
   Compiling num-rational v0.4.2
   Compiling toml_parser v1.1.3+spec-1.1.0
   Compiling http-body v1.1.0
   Compiling cipher v0.4.4
   Compiling http-body-util v0.1.5
   Compiling block2 v0.6.2
   Compiling dispatch2 v0.3.1
   Compiling darling_macro v0.20.11
   Compiling num-iter v0.1.46
   Compiling tinystr v0.8.4
   Compiling potential_utf v0.1.6
   Compiling num-complex v0.4.6
   Compiling cpufeatures v0.3.1
   Compiling icu_locale_core v2.3.0
   Compiling icu_collections v2.3.0
   Compiling universal-hash v0.5.1
   Compiling hash32 v0.3.1
   Compiling signature v3.0.0
   Compiling ahash v0.8.12
   Compiling data-encoding v2.11.1
   Compiling heapless v0.9.3
   Compiling ucd-trie v0.1.7
   Compiling syn v1.0.109
   Compiling toml_datetime v1.1.1+spec-1.1.0
   Compiling opaque-debug v0.3.1
   Compiling num v0.4.3
   Compiling pest v2.9.2
   Compiling polyval v0.6.2
   Compiling ed25519 v3.0.0
   Compiling toml_edit v0.25.15+spec-1.1.0
   Compiling objc2-core-foundation v0.3.2
   Compiling sha2 v0.11.0
   Compiling darling v0.20.11
   Compiling icu_provider v2.3.1
   Compiling serde_columnar_derive v0.3.7
   Compiling derive_arbitrary v1.4.2
   Compiling ppv-lite86 v0.2.21
   Compiling blake3 v1.8.7
   Compiling heapless v0.8.0
   Compiling powerfmt v0.2.1
   Compiling deranged v0.5.8
   Compiling simdutf8 v0.1.5
   Compiling append-only-bytes v0.1.12
   Compiling time-core v0.1.9
   Compiling icu_properties v2.3.0
   Compiling icu_normalizer v2.3.0
   Compiling tinyvec v1.13.3
   Compiling num-conv v0.2.2
   Compiling loro-rle v1.6.0
   Compiling tokio-util v0.7.19
   Compiling tower v0.5.3
   Compiling tokio-rustls v0.26.6
   Compiling arbitrary v1.4.2
   Compiling serde_columnar v0.3.14
   Compiling rand_chacha v0.3.1
   Compiling ed25519-dalek v3.0.0
   Compiling time v0.3.55
   Compiling rustls-platform-verifier v0.7.1
   Compiling idna_adapter v1.2.2
   Compiling proc-macro-crate v3.5.0
   Compiling objc2-security v0.3.2
   Compiling h2 v0.4.19
   Compiling idna v1.1.0
   Compiling tokio-stream v0.1.19
   Compiling pest_meta v2.9.2
   Compiling ghash v0.5.1
   Compiling data-encoding-macro-internal v0.1.19
   Compiling aes v0.8.4
   Compiling ctr v0.9.2
   Compiling enum-as-inner v0.6.1
   Compiling aead v0.5.2
   Compiling lru v0.18.5
   Compiling bitmaps v2.1.0
   Compiling im v15.1.0
   Compiling quick-xml v0.42.0
   Compiling nonmax v0.5.5
   Compiling n0-dns-resolver v0.1.0
   Compiling constant_time_eq v0.4.2
   Compiling url v2.5.8
   Compiling leb128 v0.2.7
   Compiling loro-thunderdome v0.6.2
   Compiling heck v0.4.1
   Compiling arref v0.1.0
   Compiling hashbrown v0.16.1
   Compiling netdev v0.46.3
   Compiling twox-hash v2.1.5
   Compiling rustix v1.1.5
   Compiling loro-common v1.16.0
   Compiling generic-btree v0.10.7
   Compiling quick_cache v0.6.24
   Compiling sized-chunks v0.6.5
   Compiling pest_generator v2.9.2
   Compiling lz4_flex v0.11.6
   Compiling plist v1.10.1
   Compiling tower-http v0.6.11
   Compiling enum-as-inner v0.5.1
   Compiling aes-gcm v0.10.3
   Compiling data-encoding-macro v0.1.21
   Compiling num_enum_derive v0.7.6
   Compiling rand v0.8.8
   Compiling objc2-system-configuration v0.3.2
   Compiling webpki-roots v1.0.9
   Compiling enum-assoc v1.4.1
   Compiling strum_macros v0.28.0
   Compiling iroh-metrics-derive v1.0.1
   Compiling hyper v1.11.1
   Compiling rand_xoshiro v0.6.0
   Compiling system-configuration v0.8.0
   Compiling serde_bytes v0.11.19
   Compiling block-buffer v0.10.4
   Compiling iana-time-zone v0.1.65
   Compiling noq v1.3.0
   Compiling netwatch v0.19.3
   Compiling iroh-dns v1.3.0
   Compiling simple-dns v0.12.0
   Compiling rand_pcg v0.10.2
   Compiling thread_local v1.1.10
   Compiling ensure-cov v0.1.0
   Compiling mac-addr v0.3.0
   Compiling sha1_smol v1.0.1
   Compiling identity-hash v0.1.0
   Compiling sorted-index-buffer v0.2.1
   Compiling diff v0.1.13
   Compiling lru-slab v0.1.3
   Compiling xml-rs v0.8.29
   Compiling xxhash-rust v0.8.19
   Compiling yansi v1.0.1
   Compiling loro-kv-store v1.16.0
   Compiling enum_dispatch v0.3.13
   Compiling pretty_assertions v1.4.1
   Compiling iroh-metrics v1.0.2
   Compiling num_enum v0.7.6
   Compiling noq-proto v1.3.0
   Compiling loro_fractional_index v1.13.0
   Compiling xmltree v0.10.3
   Compiling chrono v0.4.45
   Compiling loro-delta v1.13.0
   Compiling digest v0.10.7
   Compiling pest_derive v2.9.2
   Compiling hyper-util v0.1.21
   Compiling iroh-base v1.3.0
   Compiling attohttpc v0.30.1
   Compiling strum v0.28.0
   Compiling n0-watcher v1.0.0
   Compiling itertools v0.12.1
   Compiling arc-swap v1.9.2
   Compiling iroh-relay v1.3.0
   Compiling md5 v0.7.0
   Compiling native-tls v0.2.18
   Compiling tokio-websockets v0.13.3
   Compiling tempfile v3.27.0
   Compiling curve25519-dalek v4.1.3
   Compiling iroh v1.3.0
   Compiling cmov v0.5.4
   Compiling loro-internal v1.16.2
   Compiling seize v0.5.1
   Compiling ctutils v0.4.2
   Compiling hyper-rustls v0.27.10
   Compiling igd-next v0.17.1
   Compiling sha2 v0.10.9
   Compiling papaya v0.2.5
   Compiling backon v1.6.0
   Compiling reqwest v0.13.5
   Compiling darling_core v0.23.0
   Compiling encoding_rs v0.8.42
   Compiling acto v0.8.2
   Compiling nix v0.31.3
   Compiling mime v0.3.17
   Compiling utf8parse v0.2.2
   Compiling option-ext v0.2.0
   Compiling dyn-clone v1.0.20
   Compiling ryu-js v0.2.2
   Compiling signature v2.2.0
   Compiling ref-cast v1.0.27
   Compiling ed25519 v2.2.3
   Compiling dirs-sys v0.5.0
   Compiling serde_jcs v0.1.0
   Compiling anstyle-parse v1.0.0
   Compiling tokio-native-tls v0.3.1
   Compiling serde_urlencoded v0.7.1
   Compiling ref-cast-impl v1.0.27
   Compiling async-trait v0.1.92
   Compiling serde_derive_internals v0.30.0
   Compiling uuid v1.27.0
   Compiling dirs-sys-next v0.1.2
   Compiling minimal-lexical v0.2.1
   Compiling portmapper v0.19.3
   Compiling colorchoice v1.0.5
   Compiling darling_macro v0.23.0
   Compiling regex-syntax v0.8.11
   Compiling is_terminal_polyfill v1.70.2
   Compiling multiversion_no_op v1.0.0
   Compiling smol_str v0.1.24
   Compiling anstyle v1.0.14
   Compiling crc-catalog v2.5.0
   Compiling hex v0.4.3
   Compiling anstyle-query v1.1.5
   Compiling crc v3.4.0
   Compiling anstream v1.0.0
   Compiling dirs-next v2.0.0
   Compiling nom v7.1.3
   Compiling schemars_derive v1.2.2
   Compiling darling v0.23.0
   Compiling ed25519-dalek v2.2.0
   Compiling hyper-tls v0.6.0
   Compiling regex-automata v0.4.18
   Compiling dirs v6.0.0
   Compiling serde_bencode v0.2.4
   Compiling hickory-proto v0.26.3
   Compiling serde_spanned v0.6.9
   Compiling toml_datetime v0.6.3
   Compiling irpc-derive v0.17.0
   Compiling keyring v3.6.3
   Compiling fs2 v0.4.3
   Compiling winnow v0.5.40
   Compiling rmcp v1.8.0
   Compiling lazy_static v1.5.1
   Compiling clap_lex v1.1.1
   Compiling redb v2.6.4
   Compiling fixedbitset v0.5.7
   Compiling futures-concurrency v7.7.1
   Compiling process-wrap v9.1.1
   Compiling clap_builder v4.6.7
   Compiling irpc v0.17.0
   Compiling toml_edit v0.20.2
   Compiling sharded-slab v0.1.7
   Compiling n0-mainline v0.6.0
   Compiling swarm-discovery v0.6.3
   Compiling reqwest v0.12.28
   Compiling matchers v0.2.0
   Compiling shellexpand v3.1.2
   Compiling schemars v1.2.2
   Compiling eventsource-stream v0.2.3
   Compiling rmcp-macros v1.8.0
   Compiling axum-core v0.5.6
   Compiling rs-fsrs v1.2.1
   Compiling tracing-log v0.2.0
   Compiling clap_derive v4.6.7
   Compiling serde_path_to_error v0.1.20
   Compiling matchit v0.8.4
   Compiling nu-ansi-term v0.50.3
   Compiling pastey v0.2.3
   Compiling clap v4.6.7
   Compiling toml v0.8.2
   Compiling tracing-subscriber v0.3.23
   Compiling prometheus-skill-index v1.7.0 (https://github.com/Prometheus-AGS/prometheus-skill-system?rev=ba5c4516fd72e60c21ab3bb1d09a63105aeb3c61#ba5c4516)
   Compiling loro v1.16.2
   Compiling axum v0.8.9
   Compiling iroh-mdns-address-lookup v0.5.0
   Compiling iroh-gossip v0.101.0
   Compiling iroh-mainline-address-lookup v0.5.0
   Compiling storage-provider v0.1.0 (https://github.com/Prometheus-AGS/prometheus-skill-system?rev=ba5c4516fd72e60c21ab3bb1d09a63105aeb3c61#ba5c4516)
   Compiling kbd-runtime v0.1.0 (https://github.com/Prometheus-AGS/prometheus-skill-system?rev=ba5c4516fd72e60c21ab3bb1d09a63105aeb3c61#ba5c4516)
   Compiling learner-model v0.1.0 (https://github.com/Prometheus-AGS/prometheus-skill-system?rev=ba5c4516fd72e60c21ab3bb1d09a63105aeb3c61#ba5c4516)
   Compiling sovereign-client v0.1.0 (/Users/gqadonis/Projects/prometheus/worktrees/ldd-companion-final/crates/sovereign-client)
   Compiling sovereign-sync v1.8.0 (/Users/gqadonis/Projects/prometheus/worktrees/ldd-companion-final/crates/sovereign-sync)
warning: associated function `from_mcp_components` is never used
   --> crates/sovereign-sync/src/rest_api.rs:575:19
    |
328 | impl AppState {
    | ------------- associated function in this implementation
...
575 |     pub(crate) fn from_mcp_components(
    |                   ^^^^^^^^^^^^^^^^^^^
    |
    = note: `#[warn(dead_code)]` (part of `#[warn(unused)]`) on by default

   Compiling prometheus-substrate v0.1.0 (/Users/gqadonis/Projects/prometheus/worktrees/ldd-companion-final/crates/prometheus-substrate)
warning: `sovereign-sync` (lib) generated 1 warning
    Finished `dev` profile [unoptimized + debuginfo] target(s) in 3m 49s
