   Compiling aws-lc-sys v0.39.1
   Compiling ring v0.17.14
   Compiling raw-cpuid v11.6.0
   Compiling ipnet v2.12.0
   Compiling fastrand v2.4.1
   Compiling flatbuffers v25.12.19
   Compiling futures v0.3.32
   Compiling logos v0.16.1
   Compiling event-listener-strategy v0.5.4
   Compiling concurrent-queue v2.5.0
sccache: warning: The server looks like it shut down unexpectedly, compiling locally instead
sccache: warning: The server looks like it shut down unexpectedly, compiling locally instead
sccache: warning: The server looks like it shut down unexpectedly, compiling locally instead
sccache: warning: The server looks like it shut down unexpectedly, compiling locally instead
sccache: warning: The server looks like it shut down unexpectedly, compiling locally instead
sccache: warning: The server looks like it shut down unexpectedly, compiling locally instead
sccache: warning: The server looks like it shut down unexpectedly, compiling locally instead
sccache: warning: The server looks like it shut down unexpectedly, compiling locally instead
   Compiling core-foundation v0.10.1
   Compiling security-framework-sys v2.17.0
   Compiling phf_generator v0.13.1
   Compiling semver v1.0.28
   Compiling seize v0.5.1
   Compiling try-lock v0.2.5
   Compiling atomic-waker v1.1.2
   Compiling heck v0.4.1
   Compiling unicase v2.9.0
   Compiling fnv v1.0.7
   Compiling rustix v1.1.4
   Compiling tinyvec_macros v0.1.1
   Compiling siphasher v1.0.2
   Compiling crc32fast v1.5.0
   Compiling papaya v0.2.4
   Compiling tinyvec v1.11.0
   Compiling surrealdb-protocol v0.13.1
   Compiling surrealdb-types-derive v3.3.0
   Compiling phf_shared v0.13.1
   Compiling h2 v0.4.16
   Compiling security-framework v3.7.0
   Compiling gemm-common v0.19.0
   Compiling want v0.3.1
   Compiling phf_macros v0.13.1
   Compiling surrealdb-parse-common v3.3.0
   Compiling async-channel v2.5.0
   Compiling system-configuration-sys v0.6.0
   Compiling http-body-util v0.1.3
   Compiling roaring v0.11.4
   Compiling ulid v1.2.1
   Compiling revision-derive v0.30.0
   Compiling core-foundation v0.9.4
   Compiling hex v0.4.3
   Compiling httpdate v1.0.3
   Compiling system-configuration v0.7.0
   Compiling unicode-normalization v0.1.25
   Compiling password-hash v0.5.0
   Compiling blake2 v0.10.6
   Compiling hmac v0.12.1
   Compiling sync_wrapper v1.0.2
   Compiling phf v0.13.1
   Compiling unicode-properties v0.1.4
   Compiling unicode-bidi v0.3.18
   Compiling surrealdb-types v3.3.0
   Compiling native-tls v0.2.18
   Compiling tower-layer v0.3.3
   Compiling argon2 v0.5.3
   Compiling pbkdf2 v0.12.2
   Compiling sha2 v0.10.9
   Compiling tempfile v3.27.0
   Compiling darling_core v0.20.11
   Compiling stringprep v0.1.5
   Compiling ryu v1.0.23
   Compiling tower v0.5.3
   Compiling gemm-f32 v0.19.0
   Compiling webpki-roots v1.0.6
   Compiling storekey-derive v0.11.0
   Compiling mime v0.3.17
   Compiling path-clean v1.0.1
   Compiling pkg-config v0.3.32
   Compiling portable-atomic v1.13.1
   Compiling gemm-c64 v0.19.0
   Compiling onig_sys v69.9.1
   Compiling gemm-f64 v0.19.0
   Compiling hyper v1.9.0
   Compiling storekey v0.11.0
   Compiling revision v0.30.0
   Compiling gemm-f16 v0.19.0
   Compiling darling_macro v0.20.11
   Compiling gemm-c32 v0.19.0
   Compiling hybrid-array v0.4.10
   Compiling ahash v0.8.12
   Compiling num_cpus v1.17.0
   Compiling typed-path v0.12.3
   Compiling unicode-width v0.2.2
   Compiling darling v0.20.11
   Compiling adler2 v2.0.1
   Compiling serde_core v1.0.229
   Compiling surrealdb-iam v3.3.0
   Compiling iri-string v0.7.12
   Compiling simd-adler32 v0.3.9
   Compiling derive_builder_core v0.20.2
   Compiling miniz_oxide v0.8.9
   Compiling surrealdb-strand v3.3.0
   Compiling zip v7.2.0
   Compiling gemm v0.19.0
   Compiling hyper-util v0.1.20
   Compiling console v0.16.3
   Compiling tower-http v0.6.8
   Compiling surrealdb-common v3.3.0
   Compiling tokio-native-tls v0.3.1
   Compiling serde_urlencoded v0.7.1
   Compiling sha1 v0.10.6
   Compiling pem-rfc7468 v1.0.0
   Compiling float8 v0.6.1
   Compiling darling_core v0.23.0
   Compiling safetensors v0.7.0
   Compiling esaxx-rs v0.1.10
   Compiling surrealdb-cnf v3.3.0
   Compiling zmij v1.0.21
   Compiling memmap2 v0.9.11
   Compiling encoding_rs v0.8.35
   Compiling minimal-lexical v0.2.1
   Compiling web-time v1.1.0
   Compiling utf-8 v0.7.6
   Compiling ref-cast v1.0.25
   Compiling bit-vec v0.8.0
   Compiling bit-vec v0.6.3
   Compiling data-encoding v2.10.0
   Compiling lazy_static v1.5.0
   Compiling serde_json v1.0.151
   Compiling humantime v2.3.0
   Compiling option-ext v0.2.0
   Compiling unit-prefix v0.5.2
   Compiling candle-core v0.9.2
   Compiling dirs-sys v0.5.0
   Compiling indicatif v0.18.4
   Compiling hyper-tls v0.6.0
   Compiling surrealdb-rpc v3.3.0
   Compiling bit-set v0.5.3
   Compiling bit-set v0.8.0
   Compiling nom v7.1.3
   Compiling der v0.8.0
   Compiling surrealdb-sql v3.3.0
   Compiling flate2 v1.1.9
   Compiling derive_builder_macro v0.20.2
   Compiling crypto-common v0.2.1
   Compiling block-buffer v0.12.0
   Compiling webpki-roots v0.26.11
   Compiling darling_macro v0.23.0
   Compiling ureq-proto v0.6.0
   Compiling itertools v0.14.0
   Compiling webpki-root-certs v1.0.6
   Compiling ref-cast-impl v1.0.25
   Compiling socks v0.3.4
   Compiling monostate-impl v0.1.18
   Compiling serde_derive_internals v0.29.1
   Compiling surrealdb v3.3.0
   Compiling reblessive v0.4.3
   Compiling macro_rules_attribute-proc_macro v0.2.2
   Compiling const-oid v0.10.2
   Compiling static_assertions v1.1.0
   Compiling base64 v0.13.1
   Compiling itoa v1.0.18
   Compiling unicode-segmentation v1.13.2
   Compiling utf8-zero v0.8.1
   Compiling surrealdb-syn v3.3.0
   Compiling digest v0.11.2
   Compiling compact_str v0.9.0
   Compiling macro_rules_attribute v0.2.2
   Compiling spm_precompiled v0.1.4
   Compiling rayon-cond v0.4.0
   Compiling schemars_derive v1.2.1
   Compiling monostate v0.1.18
   Compiling darling v0.23.0
   Compiling derive_builder v0.20.2
   Compiling surrealdb-engine-api v3.3.0
   Compiling fancy-regex v0.17.0
   Compiling fancy-regex v0.13.0
   Compiling reqwest v0.12.28
   Compiling dirs v6.0.0
   Compiling bstr v1.12.1
   Compiling dary_heap v0.3.8
   Compiling serde_plain v1.0.2
   Compiling cpufeatures v0.3.0
   Compiling unicode-normalization-alignments v0.1.12
   Compiling rmcp v1.4.0 (https://github.com/modelcontextprotocol/rust-sdk?rev=a64be231527f923e9f84d4dd7bf3c3bd695ee53e#a64be231)
   Compiling boxcar v0.2.14
   Compiling dyn-clone v1.0.20
   Compiling unicode_categories v0.1.1
   Compiling candle-nn v0.9.2
   Compiling rustc-hash v1.1.0
   Compiling schemars v1.2.1
   Compiling sha2 v0.11.0
   Compiling tiktoken-rs v0.9.1
   Compiling rmcp-macros v1.4.0 (https://github.com/modelcontextprotocol/rust-sdk?rev=a64be231527f923e9f84d4dd7bf3c3bd695ee53e#a64be231)
   Compiling quick_cache v0.6.21
   Compiling sharded-slab v0.1.7
   Compiling axum-core v0.5.6
   Compiling sse-stream v0.2.2
   Compiling arc-swap v1.9.1
   Compiling tokio-stream v0.1.18
   Compiling matchers v0.2.0
   Compiling tracing-log v0.2.0
   Compiling async-stream-impl v0.3.6
   Compiling axum-macros v0.5.0
   Compiling serde_path_to_error v0.1.20
   Compiling thread_local v1.1.9
   Compiling hashbrown v0.14.5
   Compiling pastey v0.2.1
   Compiling nu-ansi-term v0.50.3
   Compiling matchit v0.8.4
   Compiling async-stream v0.3.6
   Compiling dashmap v6.1.0
   Compiling tracing-subscriber v0.3.23
   Compiling dotenvy v0.15.7
   Compiling candle-transformers v0.9.2
   Compiling axum v0.8.8
   Compiling onig v6.5.1
   Compiling tokenizers v0.22.2
   Compiling aws-lc-rs v1.16.2
   Compiling rustls v0.23.41
   Compiling rustls-webpki v0.103.13
   Compiling tokio-rustls v0.26.4
   Compiling tungstenite v0.28.0
   Compiling rustls-platform-verifier v0.6.2
   Compiling ureq v3.3.0
   Compiling hyper-rustls v0.27.7
   Compiling reqwest v0.13.2
   Compiling tokio-tungstenite v0.28.0
   Compiling hf-hub v0.5.0
   Compiling surreal-memory v0.1.0 (/Users/gqadonis/Projects/prometheus/worktrees/ldd-memory-prior-integration/crates/surreal-memory)
   Compiling surreal-memory-server v1.10.1 (/Users/gqadonis/Projects/prometheus/worktrees/ldd-memory-prior-integration)
    Finished `dev` profile [unoptimized + debuginfo] target(s) in 8m 03s
