{
  "usage": "node <skill>/scripts/cli.mjs <command> --input <request.json>",
  "commands": [
    "guide",
    "validate",
    "init",
    "status",
    "team-update",
    "export",
    "install-project",
    "task",
    "complete-kbd",
    "handoff-create",
    "handoff-accept",
    "models-discover",
    "models-select",
    "memory-queue",
    "memory-publish",
    "uar-workspace-init",
    "uar-workspace-migrate",
    "uar-workspace-status",
    "uar-workspace-answer",
    "uar-workspace-update",
    "uar-workspace-revise",
    "uar-package-schema-info",
    "uar-package-validate",
    "uar-package-build",
    "uar-package-diff",
    "uar-capabilities",
    "uar-package-preflight",
    "uar-package-install",
    "uar-package-status",
    "uar-binding-preflight",
    "uar-binding-install",
    "uar-binding-status",
    "uar-activate"
  ],
  "note": "JSON requests preserve spaces and native configuration. UAR package installation is catalog-only; team activation is refused until I2."
}
