   Compiling proc-macro2 v1.0.106
   Compiling quote v1.0.45
   Compiling unicode-ident v1.0.24
   Compiling libc v0.2.185
   Compiling serde_core v1.0.228
   Compiling serde v1.0.228
   Compiling cfg-if v1.0.4
   Compiling version_check v0.9.5
   Compiling memchr v2.8.0
   Compiling parking_lot_core v0.9.12
   Compiling itoa v1.0.18
   Compiling typenum v1.19.0
   Compiling stable_deref_trait v1.2.1
   Compiling autocfg v1.5.0
   Compiling pin-project-lite v0.2.17
   Compiling once_cell v1.21.4
   Compiling shlex v1.3.0
   Compiling find-msvc-tools v0.1.9
   Compiling generic-array v0.14.7
   Compiling equivalent v1.0.2
   Compiling hashbrown v0.17.0
   Compiling log v0.4.29
   Compiling num-traits v0.2.19
   Compiling scopeguard v1.2.0
   Compiling zmij v1.0.21
   Compiling bytes v1.11.1
   Compiling thiserror v2.0.18
   Compiling getrandom v0.2.17
   Compiling cc v1.2.60
   Compiling ident_case v1.0.1
   Compiling indexmap v2.14.0
   Compiling serde_json v1.0.149
   Compiling strsim v0.11.1
   Compiling lock_api v0.4.14
   Compiling tracing-core v0.1.36
   Compiling core-foundation-sys v0.8.7
   Compiling futures-core v0.3.32
   Compiling either v1.15.0
   Compiling fnv v1.0.7
   Compiling semver v1.0.28
   Compiling errno v0.3.14
   Compiling byteorder v1.5.0
   Compiling futures-sink v0.3.32
   Compiling zeroize v1.8.2
   Compiling num-integer v0.1.46
   Compiling aho-corasick v1.1.4
   Compiling rustc_version v0.4.1
   Compiling signal-hook-registry v1.4.8
   Compiling mio v1.2.0
   Compiling socket2 v0.6.3
   Compiling regex-syntax v0.8.10
   Compiling rustversion v1.0.22
   Compiling futures-channel v0.3.32
   Compiling zerocopy v0.8.48
   Compiling num-bigint v0.4.6
   Compiling ring v0.17.14
   Compiling object v0.37.3
   Compiling slab v0.4.12
   Compiling futures-io v0.3.32
   Compiling futures-task v0.3.32
   Compiling regex-automata v0.4.14
   Compiling iana-time-zone v0.1.65
   Compiling syn v2.0.117
   Compiling http v1.4.0
   Compiling smallvec v1.15.1
   Compiling writeable v0.6.3
   Compiling litemap v0.8.2
   Compiling serde_derive v1.0.228
   Compiling thiserror-impl v2.0.18
   Compiling synstructure v0.13.2
   Compiling tracing-attributes v0.1.31
   Compiling zerovec-derive v0.11.3
   Compiling tokio-macros v2.7.0
   Compiling tracing v0.1.44
   Compiling displaydoc v0.2.5
   Compiling futures-macro v0.3.32
   Compiling futures-util v0.3.32
   Compiling http-body v1.0.1
   Compiling zerofrom-derive v0.1.7
   Compiling yoke-derive v0.8.2
   Compiling chrono v0.4.44
   Compiling darling_core v0.20.11
   Compiling block-buffer v0.10.4
   Compiling crypto-common v0.1.7
   Compiling zerofrom v0.1.7
   Compiling cpufeatures v0.2.17
   Compiling heapless v0.7.17
   Compiling rustls-pki-types v1.14.0
   Compiling rand_core v0.6.4
   Compiling subtle v2.6.1
   Compiling bitflags v2.11.1
   Compiling yoke v0.8.2
   Compiling utf8_iter v1.0.4
   Compiling percent-encoding v2.3.2
   Compiling siphasher v1.0.2
   Compiling parking_lot v0.12.5
   Compiling untrusted v0.9.0
   Compiling httparse v1.10.1
   Compiling icu_normalizer_data v2.2.0
   Compiling base64 v0.22.1
   Compiling icu_properties_data v2.2.0
   Compiling zerovec v0.11.6
   Compiling zerotrie v0.2.4
   Compiling phf_shared v0.11.3
   Compiling keccak v0.1.6
   Compiling ar_archive_writer v0.5.1
   Compiling tokio v1.52.0
   Compiling digest v0.10.7
   Compiling darling_macro v0.20.11
   Compiling tinystr v0.8.3
   Compiling potential_utf v0.1.5
   Compiling darling_core v0.23.0
   Compiling hash32 v0.2.1
   Compiling itertools v0.11.0
   Compiling core-foundation v0.10.1
   Compiling security-framework-sys v2.17.0
   Compiling icu_locale_core v2.2.0
   Compiling icu_collections v2.2.0
   Compiling getrandom v0.3.4
   Compiling new_debug_unreachable v1.0.6
   Compiling heck v0.5.0
   Compiling fixedbitset v0.5.7
   Compiling precomputed-hash v0.1.1
   Compiling try-lock v0.2.5
   Compiling icu_provider v2.2.0
   Compiling bit-vec v0.8.0
   Compiling term v1.2.1
   Compiling same-file v1.0.6
   Compiling heck v0.4.1
   Compiling thiserror v1.0.69
   Compiling tower-service v0.3.3
   Compiling want v0.3.1
   Compiling ena v0.14.4
   Compiling itertools v0.14.0
   Compiling bit-set v0.8.0
   Compiling ascii-canvas v4.0.0
   Compiling walkdir v2.5.0
   Compiling string_cache v0.8.9
   Compiling petgraph v0.7.1
   Compiling security-framework v3.7.0
   Compiling darling_macro v0.23.0
   Compiling sha3 v0.10.8
   Compiling psm v0.1.30
   Compiling darling v0.20.11
   Compiling cobs v0.3.0
   Compiling thiserror-impl v1.0.69
   Compiling lalrpop-util v0.22.2
   Compiling regex v1.12.3
   Compiling num-rational v0.4.2
   Compiling num-iter v0.1.45
   Compiling hash32 v0.3.1
   Compiling num-complex v0.4.6
   Compiling ahash v0.8.12
   Compiling rustc-hash v2.1.2
   Compiling tinyvec_macros v0.1.1
   Compiling syn v1.0.109
   Compiling unicode-xid v0.2.6
   Compiling heapless v0.9.3
   Compiling atomic-waker v1.1.2
   Compiling rustls v0.23.38
   Compiling ucd-trie v0.1.7
   Compiling pico-args v0.5.0
   Compiling postcard v1.1.3
   Compiling num v0.4.3
   Compiling icu_properties v2.2.0
   Compiling tinyvec v1.11.0
   Compiling icu_normalizer v2.2.0
   Compiling serde_columnar_derive v0.3.7
   Compiling hyper v1.9.0
   Compiling pest v2.8.6
   Compiling lalrpop v0.22.2
   Compiling darling v0.23.0
   Compiling derive_arbitrary v1.4.2
   Compiling enum-ordinalize-derive v4.3.2
   Compiling ppv-lite86 v0.2.21
   Compiling stacker v0.1.23
   Compiling socket2 v0.5.10
   Compiling heapless v0.8.0
   Compiling anyhow v1.0.102
   Compiling append-only-bytes v0.1.12
   Compiling ipnet v2.12.0
   Compiling ref-cast v1.0.25
   Compiling serde_with_macros v3.18.0
   Compiling serde_columnar v0.3.14
   Compiling rand_chacha v0.3.1
   Compiling cedar-policy-core v4.9.1
   Compiling loro-rle v1.6.0
   Compiling pest_meta v2.8.6
   Compiling hyper-util v0.1.20
   Compiling enum-ordinalize v4.3.2
   Compiling arbitrary v1.4.2
   Compiling idna_adapter v1.2.1
   Compiling unicode-normalization v0.1.25
   Compiling enum-as-inner v0.6.1
   Compiling tokio-util v0.7.18
   Compiling form_urlencoded v1.2.2
   Compiling linked-hash-map v0.5.6
   Compiling rustls-webpki v0.103.12
   Compiling ref-cast-impl v1.0.25
   Compiling miette-derive v7.6.0
   Compiling logos-codegen v0.16.1
   Compiling bitmaps v2.1.0
   Compiling sync_wrapper v1.0.2
   Compiling im v15.1.0
   Compiling time-core v0.1.8
   Compiling tower-layer v0.3.3
   Compiling hashbrown v0.16.1
   Compiling nonmax v0.5.5
   Compiling unicode-script v0.5.8
   Compiling arref v0.1.0
   Compiling num-conv v0.2.1
   Compiling leb128 v0.2.7
   Compiling loro-thunderdome v0.6.2
   Compiling twox-hash v2.1.3
   Compiling powerfmt v0.2.0
   Compiling unicode-width v0.1.14
   Compiling getrandom v0.4.2
   Compiling unicode-security v0.1.2
   Compiling quick_cache v0.6.24
   Compiling tower v0.5.3
   Compiling tokio-rustls v0.26.4
   Compiling time-macros v0.2.27
   Compiling loro-common v1.13.1
   Compiling generic-btree v0.10.7
   Compiling lz4_flex v0.11.6
   Compiling deranged v0.5.8
   Compiling miette v7.6.0
   Compiling sized-chunks v0.6.5
   Compiling logos-derive v0.16.1
   Compiling linked_hash_set v0.1.6
   Compiling enum-as-inner v0.5.1
   Compiling idna v1.1.0
   Compiling educe v0.6.0
   Compiling pest_generator v2.8.6
   Compiling rand v0.8.5
   Compiling serde_with v3.18.0
   Compiling rustls-native-certs v0.8.3
   Compiling rand_xoshiro v0.6.0
   Compiling webpki-roots v1.0.6
   Compiling nonempty v0.12.0
   Compiling curve25519-dalek v4.1.3
   Compiling smol_str v0.3.6
   Compiling thread_local v1.1.9
   Compiling utf8parse v0.2.2
   Compiling ryu v1.0.23
   Compiling typed-arena v2.0.2
   Compiling diff v0.1.13
   Compiling ensure-cov v0.1.0
   Compiling arrayvec v0.7.6
   Compiling rustc-literal-escaper v0.0.7
   Compiling arrayvec v0.5.2
   Compiling iri-string v0.7.12
   Compiling xxhash-rust v0.8.18
   Compiling option-ext v0.2.0
   Compiling unicode-width v0.2.2
   Compiling yansi v1.0.1
   Compiling loro-delta v1.13.0
   Compiling time v0.3.47
   Compiling serde_urlencoded v0.7.1
   Compiling tower-http v0.6.8
   Compiling enum_dispatch v0.3.13
   Compiling loro-kv-store v1.13.9
   Compiling dirs-sys v0.4.1
   Compiling pretty v0.12.5
   Compiling anstyle-parse v1.0.0
   Compiling pretty_assertions v1.4.1
   Compiling sha2 v0.10.9
   Compiling hyper-rustls v0.27.9
   Compiling loro_fractional_index v1.13.0
   Compiling pest_derive v2.8.6
   Compiling url v2.5.8
   Compiling logos v0.16.1
   Compiling http-body-util v0.1.3
   Compiling toml_datetime v0.6.11
   Compiling serde_spanned v0.6.9
   Compiling itertools v0.12.1
   Compiling is_terminal_polyfill v1.70.2
   Compiling winnow v0.7.15
   Compiling md5 v0.7.0
   Compiling colorchoice v1.0.5
   Compiling anstyle v1.0.14
   Compiling toml_write v0.1.2
   Compiling signature v2.2.0
   Compiling lazy_static v1.5.0
   Compiling anstyle-query v1.1.5
   Compiling cedar-policy v4.9.1
   Compiling uuid v1.23.0
   Compiling cedar-policy-formatter v4.9.1
   Compiling loro-internal v1.13.9
   Compiling dirs v5.0.1
   Compiling simple_asn1 v0.6.4
   Compiling toml_edit v0.22.27
   Compiling ed25519 v2.2.3
   Compiling snafu-derive v0.8.9
   Compiling anstream v1.0.0
   Compiling pem v3.0.6
   Compiling futures-executor v0.3.32
   Compiling pin-project-internal v1.1.11
   Compiling async-trait v0.1.89
   Compiling dirs-sys-next v0.1.2
   Compiling clap_lex v1.1.0
   Compiling ryu-js v0.2.2
   Compiling ed25519-dalek v2.2.0
   Compiling toml v0.8.23
   Compiling jsonwebtoken v9.3.1
   Compiling futures v0.3.32
   Compiling dirs-next v2.0.0
   Compiling loro v1.13.9
   Compiling clap_builder v4.6.0
   Compiling serde_jcs v0.1.0
   Compiling pin-project v1.1.11
   Compiling snafu v0.8.9
   Compiling sharded-slab v0.1.7
   Compiling reqwest v0.12.28
   Compiling hyper-timeout v0.5.2
   Compiling keyring v3.6.3
   Compiling clap_derive v4.6.0
   Compiling matchers v0.2.0
   Compiling arc-swap v1.9.1
   Compiling secrecy v0.10.3
   Compiling tracing-log v0.2.0
   Compiling serde_path_to_error v0.1.20
   Compiling fs2 v0.4.3
   Compiling web-time v1.1.0
   Compiling nu-ansi-term v0.50.3
   Compiling prometheus-learn v1.11.3 (/Users/gqadonis/Projects/prometheus/worktrees/learning-deploy-and-debt/tools/prometheus-cli/crates/prometheus-learn)
   Compiling prometheus-agents v1.11.3 (/Users/gqadonis/Projects/prometheus/worktrees/learning-deploy-and-debt/tools/prometheus-cli/crates/prometheus-agents)
   Compiling clap v4.6.0
   Compiling prometheus-cedar v1.11.3 (/Users/gqadonis/Projects/prometheus/worktrees/learning-deploy-and-debt/tools/prometheus-cli/crates/prometheus-cedar)
   Compiling sycophancy-core v1.0.0 (https://github.com/Know-Me-Tools/sycophancy-correction-skill.git#7cbe818e)
   Compiling colored v2.2.0
   Compiling kbd-runtime v0.1.0 (/Users/gqadonis/Projects/prometheus/worktrees/learning-deploy-and-debt/substrate/kbd-runtime)
   Compiling octocrab v0.45.0
   Compiling tracing-subscriber v0.3.23
   Compiling prometheus-cli v1.11.3 (/Users/gqadonis/Projects/prometheus/worktrees/learning-deploy-and-debt/tools/prometheus-cli/crates/prometheus-cli)
    Finished `dev` profile [unoptimized] target(s) in 11m 30s
