   Compiling proc-macro2 v1.0.106
   Compiling quote v1.0.45
   Compiling unicode-ident v1.0.24
   Compiling libc v0.2.186
   Compiling cfg-if v1.0.4
   Compiling serde_core v1.0.229
   Compiling serde v1.0.229
   Compiling once_cell v1.21.4
   Compiling memchr v2.8.3
   Compiling smallvec v1.15.1
   Compiling libm v0.2.16
   Compiling bitflags v2.11.0
   Compiling zerocopy v0.8.48
   Compiling pin-project-lite v0.2.17
   Compiling itoa v1.0.18
   Compiling autocfg v1.5.0
   Compiling log v0.4.34
   Compiling stable_deref_trait v1.2.1
   Compiling version_check v0.9.5
   Compiling core-foundation-sys v0.8.7
   Compiling getrandom v0.3.4
   Compiling futures-core v0.3.32
   Compiling num-traits v0.2.19
   Compiling byteorder v1.5.0
   Compiling shlex v1.3.0
   Compiling errno v0.3.14
   Compiling find-msvc-tools v0.1.9
   Compiling parking_lot_core v0.9.12
   Compiling getrandom v0.2.17
   Compiling crossbeam-utils v0.8.21
   Compiling scopeguard v1.2.0
   Compiling jobserver v0.1.34
   Compiling zmij v1.0.21
   Compiling rand_core v0.9.5
   Compiling futures-sink v0.3.32
   Compiling tracing-core v0.1.36
   Compiling equivalent v1.0.2
   Compiling futures-io v0.3.32
   Compiling lock_api v0.4.14
   Compiling cc v1.2.60
   Compiling rand_core v0.10.0
   Compiling getrandom v0.4.2
   Compiling signal-hook-registry v1.4.8
   Compiling mio v1.2.0
   Compiling socket2 v0.6.3
   Compiling typenum v1.19.0
   Compiling slab v0.4.12
   Compiling futures-channel v0.3.32
   Compiling parking_lot v0.12.5
   Compiling serde_json v1.0.151
   Compiling subtle v2.6.1
   Compiling futures-task v0.3.32
   Compiling aho-corasick v1.1.4
   Compiling percent-encoding v2.3.2
   Compiling regex-syntax v0.8.10
   Compiling syn v2.0.117
   Compiling syn v3.0.6
   Compiling litemap v0.8.2
   Compiling writeable v0.6.3
   Compiling generic-array v0.14.7
   Compiling utf8_iter v1.0.4
   Compiling fnv v1.0.7
   Compiling icu_properties_data v2.2.0
   Compiling icu_normalizer_data v2.2.0
   Compiling zeroize v1.8.2
   Compiling thiserror v2.0.21
   Compiling regex-automata v0.4.14
   Compiling zerocopy-derive v0.8.48
   Compiling serde_derive v1.0.229
   Compiling synstructure v0.13.2
   Compiling tracing-attributes v0.1.31
   Compiling tokio-macros v2.7.0
   Compiling bytemuck_derive v1.10.2
   Compiling zerovec-derive v0.11.3
   Compiling tracing v0.1.44
   Compiling displaydoc v0.2.5
   Compiling futures-macro v0.3.32
   Compiling thiserror-impl v2.0.21
   Compiling futures-util v0.3.32
   Compiling bytemuck v1.25.0
   Compiling chacha20 v0.10.0
   Compiling ppv-lite86 v0.2.21
   Compiling zerofrom-derive v0.1.7
   Compiling bytes v1.11.1
   Compiling zerofrom v0.1.7
   Compiling yoke-derive v0.8.2
   Compiling cmake v0.1.58
   Compiling rand_core v0.6.4
   Compiling heapless v0.8.0
   Compiling dunce v1.0.5
   Compiling fs_extra v1.3.0
   Compiling crossbeam-epoch v0.9.20
   Compiling base64 v0.22.1
   Compiling rand v0.10.1
   Compiling rand_chacha v0.9.0
   Compiling http v1.4.0
   Compiling yoke v0.8.2
   Compiling tokio v1.52.3
   Compiling aws-lc-sys v0.39.1
   Compiling form_urlencoded v1.2.2
   Compiling hash32 v0.3.1
   Compiling iana-time-zone v0.1.65
   Compiling uuid v1.23.4
   Compiling rand v0.9.4
   Compiling zerovec v0.11.6
   Compiling zerotrie v0.2.4
   Compiling crypto-common v0.1.7
   Compiling block-buffer v0.10.4
   Compiling chrono v0.4.44
   Compiling rustls-pki-types v1.14.0
   Compiling i_float v1.15.0
   Compiling rayon-core v1.13.0
   Compiling httparse v1.10.1
   Compiling tinystr v0.8.3
   Compiling potential_utf v0.1.5
   Compiling hashbrown v0.17.0
   Compiling paste v1.0.15
   Compiling digest v0.10.7
   Compiling rstar v0.12.2
   Compiling crossbeam-deque v0.8.6
   Compiling rand_chacha v0.3.1
   Compiling ring v0.17.14
   Compiling i_shape v1.14.0
   Compiling approx v0.5.1
   Compiling icu_locale_core v2.2.0
   Compiling icu_collections v2.2.0
   Compiling indexmap v2.14.0
   Compiling either v1.15.0
   Compiling aws-lc-rs v1.16.2
   Compiling rustversion v1.0.22
   Compiling i_tree v0.16.0
   Compiling i_key_sort v0.6.0
   Compiling rust_decimal v1.42.1
   Compiling rand v0.8.6
   Compiling geo-types v0.7.19
   Compiling icu_provider v2.2.0
   Compiling http-body v1.0.1
   Compiling i_overlay v4.0.7
   Compiling regex v1.12.3
   Compiling geographiclib-rs v0.2.7
   Compiling float_next_after v1.0.0
   Compiling icu_normalizer v2.2.0
   Compiling icu_properties v2.2.0
   Compiling robust v1.2.0
   Compiling allocator-api2 v0.2.21
   Compiling anyhow v1.0.104
   Compiling semver v1.0.28
   Compiling arrayvec v0.7.6
   Compiling sif-itree v0.4.1
   Compiling foldhash v0.2.0
   Compiling idna_adapter v1.2.1
   Compiling thiserror v1.0.69
   Compiling rustc_version v0.4.1
   Compiling geo v0.32.0
   Compiling hashbrown v0.16.1
   Compiling idna v1.1.0
   Compiling rayon v1.12.0
   Compiling rand_distr v0.5.1
   Compiling tokio-util v0.7.18
   Compiling thiserror-impl v1.0.69
   Compiling pulp v0.22.2
   Compiling heck v0.5.0
   Compiling ident_case v1.0.1
   Compiling base64ct v1.8.3
   Compiling strsim v0.11.1
   Compiling url v2.5.8
   Compiling untrusted v0.9.0
   Compiling half v2.7.1
   Compiling enum-as-inner v0.6.1
   Compiling flatbuffers v25.12.19
   Compiling logos-codegen v0.16.1
   Compiling num-complex v0.4.6
   Compiling reborrow v0.5.5
   Compiling unicase v2.9.0
   Compiling parking v2.2.1
   Compiling dyn-stack-macros v0.1.3
   Compiling rustls v0.23.41
   Compiling pulp-wasm-simd-flag v0.1.0
   Compiling tower-service v0.3.3
   Compiling siphasher v1.0.2
   Compiling logos-derive v0.16.1
   Compiling sysctl v0.6.0
   Compiling dyn-stack v0.13.2
   Compiling castaway v0.2.4
   Compiling futures-executor v0.3.32
   Compiling event-listener v5.4.2
   Compiling async-trait v0.1.89
   Compiling phf_shared v0.13.1
   Compiling cpufeatures v0.2.17
   Compiling raw-cpuid v11.6.0
   Compiling system-configuration-sys v0.6.0
   Compiling ipnet v2.12.0
   Compiling fastrand v2.4.1
   Compiling seq-macro v0.3.6
   Compiling event-listener-strategy v0.5.4
   Compiling futures v0.3.32
   Compiling logos v0.16.1
   Compiling concurrent-queue v2.5.0
   Compiling gemm-common v0.19.0
   Compiling core-foundation v0.10.1
   Compiling phf_generator v0.13.1
   Compiling security-framework-sys v2.17.0
   Compiling seize v0.5.1
   Compiling crc32fast v1.5.0
   Compiling rustix v1.1.4
   Compiling atomic-waker v1.1.2
   Compiling tinyvec_macros v0.1.1
   Compiling try-lock v0.2.5
   Compiling heck v0.4.1
   Compiling surrealdb-protocol v0.13.1
   Compiling papaya v0.2.4
   Compiling security-framework v3.7.0
   Compiling tinyvec v1.11.0
   Compiling h2 v0.4.16
   Compiling want v0.3.1
   Compiling surrealdb-types-derive v3.3.0
   Compiling phf_macros v0.13.1
   Compiling async-channel v2.5.0
   Compiling surrealdb-parse-common v3.3.0
   Compiling http-body-util v0.1.3
   Compiling ulid v1.2.1
   Compiling roaring v0.11.4
   Compiling revision-derive v0.30.0
   Compiling core-foundation v0.9.4
   Compiling hex v0.4.3
   Compiling httpdate v1.0.3
   Compiling unicode-normalization v0.1.25
   Compiling phf v0.13.1
   Compiling revision v0.30.0
   Compiling system-configuration v0.7.0
   Compiling surrealdb-types v3.3.0
   Compiling hyper v1.9.0
   Compiling password-hash v0.5.0
   Compiling blake2 v0.10.6
   Compiling hmac v0.12.1
   Compiling sync_wrapper v1.0.2
   Compiling unicode-bidi v0.3.18
   Compiling tower-layer v0.3.3
   Compiling native-tls v0.2.18
   Compiling unicode-properties v0.1.4
   Compiling hyper-util v0.1.20
   Compiling argon2 v0.5.3
   Compiling pbkdf2 v0.12.2
   Compiling surrealdb-common v3.3.0
   Compiling sha2 v0.10.9
   Compiling darling_core v0.20.11
   Compiling tempfile v3.27.0
   Compiling stringprep v0.1.5
   Compiling ryu v1.0.23
   Compiling tower v0.5.3
   Compiling gemm-f32 v0.19.0
   Compiling webpki-roots v1.0.6
   Compiling storekey-derive v0.11.0
   Compiling path-clean v1.0.1
   Compiling darling_macro v0.20.11
   Compiling mime v0.3.17
   Compiling surrealdb-iam v3.3.0
   Compiling portable-atomic v1.13.1
   Compiling pkg-config v0.3.32
   Compiling darling v0.20.11
   Compiling gemm-f16 v0.19.0
   Compiling storekey v0.11.0
   Compiling surrealdb-cnf v3.3.0
   Compiling gemm-c32 v0.19.0
   Compiling gemm-c64 v0.19.0
   Compiling gemm-f64 v0.19.0
   Compiling onig_sys v69.9.1
   Compiling hybrid-array v0.4.10
   Compiling ahash v0.8.12
   Compiling num_cpus v1.17.0
   Compiling simd-adler32 v0.3.9
   Compiling typed-path v0.12.3
   Compiling unicode-width v0.2.2
   Compiling adler2 v2.0.1
   Compiling iri-string v0.7.12
   Compiling gemm v0.19.0
   Compiling surrealdb-strand v3.3.0
   Compiling derive_builder_core v0.20.2
   Compiling zip v7.2.0
   Compiling console v0.16.3
   Compiling miniz_oxide v0.8.9
   Compiling tower-http v0.6.8
   Compiling tokio-native-tls v0.3.1
   Compiling serde_urlencoded v0.7.1
   Compiling sha1 v0.10.6
   Compiling float8 v0.6.1
   Compiling darling_core v0.23.0
   Compiling pem-rfc7468 v1.0.0
   Compiling safetensors v0.7.0
   Compiling esaxx-rs v0.1.10
   Compiling memmap2 v0.9.11
   Compiling encoding_rs v0.8.35
   Compiling utf-8 v0.7.6
   Compiling bit-vec v0.6.3
   Compiling option-ext v0.2.0
   Compiling data-encoding v2.10.0
   Compiling lazy_static v1.5.0
   Compiling minimal-lexical v0.2.1
   Compiling humantime v2.3.0
   Compiling ref-cast v1.0.25
   Compiling bit-vec v0.8.0
   Compiling unit-prefix v0.5.2
   Compiling web-time v1.1.0
   Compiling dirs-sys v0.5.0
   Compiling bit-set v0.5.3
   Compiling nom v7.1.3
   Compiling candle-core v0.9.2
   Compiling der v0.8.0
   Compiling bit-set v0.8.0
   Compiling indicatif v0.18.4
   Compiling surrealdb-rpc v3.3.0
   Compiling darling_macro v0.23.0
   Compiling hyper-tls v0.6.0
   Compiling flate2 v1.1.9
   Compiling derive_builder_macro v0.20.2
   Compiling surrealdb-sql v3.3.0
   Compiling crypto-common v0.2.1
   Compiling block-buffer v0.12.0
   Compiling webpki-roots v0.26.11
   Compiling ureq-proto v0.6.0
   Compiling itertools v0.14.0
   Compiling webpki-root-certs v1.0.6
   Compiling monostate-impl v0.1.18
   Compiling ref-cast-impl v1.0.25
   Compiling serde_derive_internals v0.29.1
   Compiling socks v0.3.4
   Compiling base64 v0.13.1
   Compiling const-oid v0.10.2
   Compiling reblessive v0.4.3
   Compiling unicode-segmentation v1.13.2
   Compiling utf8-zero v0.8.1
   Compiling macro_rules_attribute-proc_macro v0.2.2
   Compiling static_assertions v1.1.0
   Compiling surrealdb v3.3.0
   Compiling schemars_derive v1.2.1
   Compiling macro_rules_attribute v0.2.2
   Compiling digest v0.11.2
   Compiling surrealdb-syn v3.3.0
   Compiling spm_precompiled v0.1.4
   Compiling rayon-cond v0.4.0
   Compiling compact_str v0.9.0
   Compiling monostate v0.1.18
   Compiling reqwest v0.12.28
   Compiling surrealdb-engine-api v3.3.0
   Compiling derive_builder v0.20.2
   Compiling fancy-regex v0.17.0
   Compiling candle-nn v0.9.2
   Compiling darling v0.23.0
   Compiling fancy-regex v0.13.0
   Compiling dirs v6.0.0
   Compiling serde_plain v1.0.2
   Compiling dary_heap v0.3.8
   Compiling bstr v1.12.1
   Compiling cpufeatures v0.3.0
   Compiling unicode-normalization-alignments v0.1.12
   Compiling unicode_categories v0.1.1
   Compiling dyn-clone v1.0.20
   Compiling rmcp v1.4.0 (https://github.com/modelcontextprotocol/rust-sdk?rev=a64be231527f923e9f84d4dd7bf3c3bd695ee53e#a64be231)
   Compiling rustc-hash v1.1.0
   Compiling boxcar v0.2.14
   Compiling candle-transformers v0.9.2
   Compiling sha2 v0.11.0
   Compiling rmcp-macros v1.4.0 (https://github.com/modelcontextprotocol/rust-sdk?rev=a64be231527f923e9f84d4dd7bf3c3bd695ee53e#a64be231)
   Compiling quick_cache v0.6.21
   Compiling sharded-slab v0.1.7
   Compiling schemars v1.2.1
   Compiling axum-core v0.5.6
   Compiling tiktoken-rs v0.9.1
   Compiling sse-stream v0.2.2
   Compiling tokio-stream v0.1.18
   Compiling arc-swap v1.9.1
   Compiling matchers v0.2.0
   Compiling axum-macros v0.5.0
   Compiling async-stream-impl v0.3.6
   Compiling tracing-log v0.2.0
   Compiling serde_path_to_error v0.1.20
   Compiling thread_local v1.1.9
   Compiling matchit v0.8.4
   Compiling hashbrown v0.14.5
   Compiling pastey v0.2.1
   Compiling nu-ansi-term v0.50.3
   Compiling async-stream v0.3.6
   Compiling dotenvy v0.15.7
   Compiling axum v0.8.8
   Compiling dashmap v6.1.0
   Compiling tracing-subscriber v0.3.23
   Compiling onig v6.5.1
   Compiling tokenizers v0.22.2
   Compiling rustls-webpki v0.103.13
   Compiling tokio-rustls v0.26.4
   Compiling tungstenite v0.28.0
   Compiling ureq v3.3.0
   Compiling rustls-platform-verifier v0.6.2
   Compiling hyper-rustls v0.27.7
   Compiling hf-hub v0.5.0
   Compiling tokio-tungstenite v0.28.0
   Compiling reqwest v0.13.2
   Compiling surreal-memory v0.1.0 (/Users/gqadonis/Projects/prometheus/worktrees/ldd-memory-final/crates/surreal-memory)
   Compiling surreal-memory-server v1.10.2 (/Users/gqadonis/Projects/prometheus/worktrees/ldd-memory-final)
    Finished `dev` profile [unoptimized + debuginfo] target(s) in 15m 51s
