   Compiling proc-macro2 v1.0.106
   Compiling quote v1.0.45
   Compiling unicode-ident v1.0.24
   Compiling libc v0.2.186
   Compiling cfg-if v1.0.4
   Compiling serde_core v1.0.229
   Compiling serde v1.0.229
   Compiling once_cell v1.21.4
   Compiling memchr v2.8.3
   Compiling smallvec v1.15.1
   Compiling libm v0.2.16
   Compiling bitflags v2.11.0
   Compiling pin-project-lite v0.2.17
   Compiling zerocopy v0.8.48
   Compiling itoa v1.0.18
   Compiling autocfg v1.5.0
   Compiling stable_deref_trait v1.2.1
   Compiling version_check v0.9.5
   Compiling log v0.4.34
   Compiling core-foundation-sys v0.8.7
   Compiling futures-core v0.3.32
   Compiling num-traits v0.2.19
   Compiling getrandom v0.3.4
   Compiling byteorder v1.5.0
   Compiling shlex v1.3.0
   Compiling errno v0.3.14
   Compiling parking_lot_core v0.9.12
   Compiling find-msvc-tools v0.1.9
   Compiling getrandom v0.2.17
   Compiling scopeguard v1.2.0
   Compiling crossbeam-utils v0.8.21
   Compiling jobserver v0.1.34
   Compiling zmij v1.0.21
   Compiling futures-sink v0.3.32
   Compiling rand_core v0.9.5
   Compiling tracing-core v0.1.36
   Compiling rand_core v0.10.0
   Compiling equivalent v1.0.2
   Compiling lock_api v0.4.14
   Compiling cc v1.2.60
   Compiling futures-io v0.3.32
   Compiling getrandom v0.4.2
   Compiling signal-hook-registry v1.4.8
   Compiling mio v1.2.0
   Compiling socket2 v0.6.3
   Compiling typenum v1.19.0
   Compiling slab v0.4.12
   Compiling parking_lot v0.12.5
   Compiling futures-channel v0.3.32
   Compiling serde_json v1.0.151
   Compiling subtle v2.6.1
   Compiling futures-task v0.3.32
   Compiling aho-corasick v1.1.4
   Compiling regex-syntax v0.8.10
   Compiling percent-encoding v2.3.2
   Compiling syn v2.0.117
   Compiling syn v3.0.6
   Compiling litemap v0.8.2
   Compiling writeable v0.6.3
   Compiling generic-array v0.14.7
   Compiling icu_normalizer_data v2.2.0
   Compiling utf8_iter v1.0.4
   Compiling fnv v1.0.7
   Compiling icu_properties_data v2.2.0
   Compiling zeroize v1.8.2
   Compiling regex-automata v0.4.14
   Compiling thiserror v2.0.21
   Compiling zerocopy-derive v0.8.48
   Compiling serde_derive v1.0.229
   Compiling synstructure v0.13.2
   Compiling bytemuck_derive v1.10.2
   Compiling tracing-attributes v0.1.31
   Compiling tokio-macros v2.7.0
   Compiling zerovec-derive v0.11.3
   Compiling displaydoc v0.2.5
   Compiling bytemuck v1.25.0
   Compiling futures-macro v0.3.32
   Compiling thiserror-impl v2.0.21
   Compiling tracing v0.1.44
   Compiling futures-util v0.3.32
   Compiling cmake v0.1.58
   Compiling ppv-lite86 v0.2.21
   Compiling zerofrom-derive v0.1.7
   Compiling bytes v1.11.1
   Compiling yoke-derive v0.8.2
   Compiling chacha20 v0.10.0
   Compiling rand_core v0.6.4
   Compiling zerofrom v0.1.7
   Compiling heapless v0.8.0
   Compiling dunce v1.0.5
   Compiling base64 v0.22.1
   Compiling fs_extra v1.3.0
   Compiling crossbeam-epoch v0.9.20
   Compiling rand_chacha v0.9.0
   Compiling http v1.4.0
   Compiling tokio v1.52.3
   Compiling rand v0.10.1
   Compiling yoke v0.8.2
   Compiling form_urlencoded v1.2.2
   Compiling hash32 v0.3.1
   Compiling aws-lc-sys v0.39.1
   Compiling iana-time-zone v0.1.65
   Compiling rand v0.9.4
   Compiling block-buffer v0.10.4
   Compiling crypto-common v0.1.7
   Compiling uuid v1.23.4
   Compiling zerovec v0.11.6
   Compiling zerotrie v0.2.4
   Compiling chrono v0.4.44
   Compiling rustls-pki-types v1.14.0
   Compiling i_float v1.15.0
   Compiling hashbrown v0.17.0
   Compiling rayon-core v1.13.0
   Compiling paste v1.0.15
   Compiling httparse v1.10.1
   Compiling tinystr v0.8.3
   Compiling potential_utf v0.1.5
   Compiling digest v0.10.7
   Compiling crossbeam-deque v0.8.6
   Compiling rstar v0.12.2
   Compiling rand_chacha v0.3.1
   Compiling ring v0.17.14
   Compiling i_shape v1.14.0
   Compiling approx v0.5.1
   Compiling indexmap v2.14.0
   Compiling icu_locale_core v2.2.0
   Compiling icu_collections v2.2.0
   Compiling rust_decimal v1.42.1
   Compiling either v1.15.0
   Compiling aws-lc-rs v1.16.2
   Compiling i_tree v0.16.0
   Compiling rustversion v1.0.22
   Compiling i_key_sort v0.6.0
   Compiling rand v0.8.6
   Compiling geo-types v0.7.19
   Compiling icu_provider v2.2.0
   Compiling http-body v1.0.1
   Compiling i_overlay v4.0.7
   Compiling regex v1.12.3
   Compiling geographiclib-rs v0.2.7
   Compiling float_next_after v1.0.0
   Compiling icu_normalizer v2.2.0
   Compiling icu_properties v2.2.0
   Compiling robust v1.2.0
   Compiling allocator-api2 v0.2.21
   Compiling anyhow v1.0.104
   Compiling semver v1.0.28
   Compiling arrayvec v0.7.6
   Compiling sif-itree v0.4.1
   Compiling foldhash v0.2.0
   Compiling idna_adapter v1.2.1
   Compiling thiserror v1.0.69
   Compiling rustc_version v0.4.1
   Compiling geo v0.32.0
   Compiling hashbrown v0.16.1
   Compiling idna v1.1.0
   Compiling rayon v1.12.0
   Compiling rand_distr v0.5.1
   Compiling tokio-util v0.7.18
   Compiling thiserror-impl v1.0.69
   Compiling pulp v0.22.2
   Compiling untrusted v0.9.0
   Compiling heck v0.5.0
   Compiling ident_case v1.0.1
   Compiling base64ct v1.8.3
   Compiling url v2.5.8
   Compiling strsim v0.11.1
   Compiling half v2.7.1
   Compiling flatbuffers v25.12.19
   Compiling enum-as-inner v0.6.1
   Compiling logos-codegen v0.16.1
   Compiling num-complex v0.4.6
   Compiling reborrow v0.5.5
   Compiling unicase v2.9.0
   Compiling tower-service v0.3.3
   Compiling parking v2.2.1
   Compiling dyn-stack-macros v0.1.3
   Compiling rustls v0.23.41
   Compiling pulp-wasm-simd-flag v0.1.0
   Compiling siphasher v1.0.2
   Compiling logos-derive v0.16.1
   Compiling dyn-stack v0.13.2
   Compiling sysctl v0.6.0
   Compiling castaway v0.2.4
   Compiling futures-executor v0.3.32
   Compiling async-trait v0.1.89
   Compiling event-listener v5.4.2
   Compiling phf_shared v0.13.1
   Compiling cpufeatures v0.2.17
   Compiling raw-cpuid v11.6.0
   Compiling system-configuration-sys v0.6.0
   Compiling fastrand v2.4.1
   Compiling seq-macro v0.3.6
   Compiling ipnet v2.12.0
   Compiling futures v0.3.32
   Compiling event-listener-strategy v0.5.4
   Compiling logos v0.16.1
   Compiling concurrent-queue v2.5.0
